🚀 COMPLETE FLOW TEST - Production

📍 URL: https://sales-management-412055180465.europe-west1.run.app

📱 STEP 1: Admin Login

   🔴 Console Error: Failed to load resource: the server responded with a status of 404 ()
   ✅ Screenshot: flow-01-login-page.png
   → Using admin credentials: admin@vr.com
   → Login submitted, waiting for redirect...
   ✅ Screenshot: flow-02-admin-dashboard.png

📱 STEP 2: Create New Test User

   ✅ Screenshot: flow-03-users-page.png
   → Clicked "Add User" button
   → Creating user: test-seller-1762187694127@vendilabs.com
   ❌ Error during user creation/task generation: No element found for selector: input[name="email"], input[placeholder*="email" i]

Closing browser...

✅ Test completed!
